23:28:11 **** Incremental Build of configuration Debug for project 01Hello ****
make -j8 all 
arm-none-eabi-gcc "../Src/main.c" -mcpu=cortex-m4 -std=gnu11 -g3 -DDEBUG -DSTM32F411VETx -DSTM32 -DSTM32F4 -DSTM32F411E_DISCO -c -I../Inc -O0 -ffunction-sections -fdata-sections -Wall -fstack-usage -fcyclomatic-complexity -MMD -MP -MF"Src/main.d" -MT"Src/main.o" --specs=nano.specs -mfloat-abi=soft -mthumb -o "Src/main.o"
../Src/main.c: In function 'main':
../Src/main.c:54:21: warning: initialization of 'int *' from 'int' makes pointer from integer without a cast [-Wint-conversion]
   54 |         int* val3 = 0X2000000;
      |                     ^~~~~~~~~
arm-none-eabi-gcc -o "01Hello.elf" @"objects.list"   -mcpu=cortex-m4 -T"D:\Project Udemy - ARM Cortex-M3 M4 Processor\F411\01Hello\STM32F411VETX_FLASH.ld" --specs=nosys.specs -Wl,-Map="01Hello.map" -Wl,--gc-sections -static --specs=nano.specs -mfloat-abi=soft -mthumb -Wl,--start-group -lc -lm -Wl,--end-group
Finished building target: 01Hello.elf
 
arm-none-eabi-size  01Hello.elf 
arm-none-eabi-objdump -h -S 01Hello.elf  > "01Hello.list"
   text	   data	    bss	    dec	    hex	filename
   3628	    100	   1900	   5628	   15fc	01Hello.elf
Finished building: default.size.stdout
 
Finished building: 01Hello.list
 
