
Memory Configuration

Name             Origin             Length             Attributes
FLASH            0x08000000         0x00100000         xr
SRAM             0x20000000         0x00020000         xrw
*default*        0x00000000         0xffffffff

Linker script and memory map

LOAD main.o
LOAD stm32f411_starup.o
                0x00000400                __max_heap_size = 0x400
                0x00000200                __max_stack_size = 0x200

.text           0x08000000      0x294
 *(.isr_vector)
 .isr_vector    0x08000000      0x198 stm32f411_starup.o
                0x08000000                vector
 *(.text)
 .text          0x08000198       0x68 main.o
                0x08000198                main
                0x080001d8                delay
 .text          0x08000200       0x90 stm32f411_starup.o
                0x08000200                RTC_Alarm_IRQHandler
                0x08000200                EXTI2_IRQHandler
                0x08000200                DebugMon_Handler
                0x08000200                SPI4_IRQHandler
                0x08000200                TIM1_CC_IRQHandler
                0x08000200                DMA2_Stream5_IRQHandler
                0x08000200                HardFault_Handler
                0x08000200                DMA1_Stream5_IRQHandler
                0x08000200                SysTick_Handler
                0x08000200                PVD_IRQHandler
                0x08000200                SDIO_IRQHandler
                0x08000200                TAMP_STAMP_IRQHandler
                0x08000200                PendSV_Handler
                0x08000200                NMI_Handler
                0x08000200                EXTI3_IRQHandler
                0x08000200                TIM1_UP_TIM10_IRQHandler
                0x08000200                I2C3_ER_IRQHandler
                0x08000200                EXTI0_IRQHandler
                0x08000200                I2C2_EV_IRQHandler
                0x08000200                DMA1_Stream2_IRQHandler
                0x08000200                UsageFault_Handler
                0x08000200                DMA2_Stream2_IRQHandler
                0x08000200                SPI1_IRQHandler
                0x08000200                TIM1_BRK_TIM9_IRQHandler
                0x08000200                DMA2_Stream3_IRQHandler
                0x08000200                USART6_IRQHandler
                0x08000200                DMA2_Stream6_IRQHandler
                0x08000200                DMA2_Stream0_IRQHandler
                0x08000200                TIM4_IRQHandler
                0x08000200                I2C1_EV_IRQHandler
                0x08000200                DMA1_Stream6_IRQHandler
                0x08000200                DMA1_Stream1_IRQHandler
                0x08000200                TIM3_IRQHandler
                0x08000200                RCC_IRQHandler
                0x08000200                Default_Handler
                0x08000200                EXTI15_10_IRQHandler
                0x08000200                ADC_IRQHandler
                0x08000200                DMA1_Stream7_IRQHandler
                0x08000200                SPI5_IRQHandler
                0x08000200                TIM5_IRQHandler
                0x08000200                DMA2_Stream7_IRQHandler
                0x08000200                I2C3_EV_IRQHandler
                0x08000200                EXTI9_5_IRQHandler
                0x08000200                RTC_WKUP_IRQHandler
                0x08000200                SPI2_IRQHandler
                0x08000200                MemManage_Handler
                0x08000200                DMA1_Stream0_IRQHandler
                0x08000200                SVC_Handler
                0x08000200                EXTI4_IRQHandler
                0x08000200                WWDG_IRQHandler
                0x08000200                TIM2_IRQHandler
                0x08000200                OTG_FS_WKUP_IRQHandler
                0x08000200                TIM1_TRG_COM_TIM11_IRQHandler
                0x08000200                EXTI1_IRQHandler
                0x08000200                USART2_IRQHandler
                0x08000200                I2C2_ER_IRQHandler
                0x08000200                DMA2_Stream1_IRQHandler
                0x08000200                FLASH_IRQHandler
                0x08000200                DMA2_Stream4_IRQHandler
                0x08000200                BusFault_Handler
                0x08000200                USART1_IRQHandler
                0x08000200                OTG_FS_IRQHandler
                0x08000200                SPI3_IRQHandler
                0x08000200                DMA1_Stream4_IRQHandler
                0x08000200                I2C1_ER_IRQHandler
                0x08000200                DMA1_Stream3_IRQHandler
                0x08000206                Reset_Handler
 *(.rodata)
 .rodata        0x08000290        0x1 main.o
                0x08000290                a
                0x08000294                . = ALIGN (0x4)
 *fill*         0x08000291        0x3 
                0x08000294                _etext = .

.glue_7         0x08000294        0x0
 .glue_7        0x08000294        0x0 linker stubs

.glue_7t        0x08000294        0x0
 .glue_7t       0x08000294        0x0 linker stubs

.vfp11_veneer   0x08000294        0x0
 .vfp11_veneer  0x08000294        0x0 linker stubs

.v4_bx          0x08000294        0x0
 .v4_bx         0x08000294        0x0 linker stubs

.iplt           0x08000294        0x0
 .iplt          0x08000294        0x0 main.o

.rel.dyn        0x08000294        0x0
 .rel.iplt      0x08000294        0x0 main.o

.data           0x20000000       0x10 load address 0x08000294
                0x20000000                _sdata = .
                0x40000000                start_of_data = 0x20000000
 *(.data)
 .data          0x20000000       0x10 main.o
                0x20000000                s
                0x20000004                s1
                0x20000008                s2
                0x2000000c                s3
 .data          0x20000010        0x0 stm32f411_starup.o
                0x20000010                . = ALIGN (0x4)
                0x20000010                _edata = .

.igot.plt       0x20000010        0x0 load address 0x080002a4
 .igot.plt      0x20000010        0x0 main.o

.bss            0x20000010       0x50 load address 0x080002a4
                0x20000010                _sbss = .
 *(.bss)
 .bss           0x20000010       0x50 main.o
                0x20000010                test_struct
 .bss           0x20000060        0x0 stm32f411_starup.o
                0x20000060                . = ALIGN (0x4)
                0x20000060                _ebss = .
OUTPUT(final.elf elf32-littlearm)
LOAD linker stubs

.comment        0x00000000       0x49
 .comment       0x00000000       0x49 main.o
                                 0x4a (size before relaxing)
 .comment       0x00000049       0x4a stm32f411_starup.o

.ARM.attributes
                0x00000000       0x2e
 .ARM.attributes
                0x00000000       0x2e main.o
 .ARM.attributes
                0x0000002e       0x2e stm32f411_starup.o
